// Jest Snapshot v1, https://goo.gl/fbAQLP

exports[`ForecastDetails renders correctly 1`] = `
<DocumentFragment>
  <div
    class="forecast-details"
    data-testid="forecast-details"
  >
    <div
      class="forecast-details__date"
    >
      Thu Jan 01 1970
    </div>
    <div
      class="forecast-details__temperature"
    >
      <div>
        Min Temp: 12°C
      </div>
      <div>
        Max Temp: 22°C
      </div>
    </div>
    <div
      class="forecast-details__wind"
    >
      <div>
        Wind Speed: 80mph
      </div>
      <div>
        Wind Direction: e
      </div>
    </div>
    <div
      class="forecast-details__humidity"
    >
      Humidity: 60
    </div>
  </div>
</DocumentFragment>
`;
